
======================================================================
Traceback (most recent call last):
  File "C:\Users\krizz\OneDrive\Desktop\ObsidianArcadia\run_all_tests.py", line 87, in <module>
    success = main()
  File "C:\Users\krizz\OneDrive\Desktop\ObsidianArcadia\run_all_tests.py", line 39, in main
    print("\U0001f311 OBSIDIAN ARCADIA NETWORK - COMPLETE TEST SUITE")
    ~~~~~^^^^^^^^^^^^^^^^^^^^^^^^^^^^^^^^^^^^^^^^^^^^^^^^^^^^^
  File "C:\Users\krizz\AppData\Local\Python\pythoncore-3.14-64\Lib\encodings\cp1252.py", line 19, in encode
    return codecs.charmap_encode(input,self.errors,encoding_table)[0]
           ~~~~~~~~~~~~~~~~~~~~~^^^^^^^^^^^^^^^^^^^^^^^^^^^^^^^^^^
UnicodeEncodeError: 'charmap' codec can't encode character '\U0001f311' in position 0: character maps to <undefined>
